gfarmfs: opt="--oldio -nlsuF", fuse_opt="-o attr_timeout=0"
NG [link] check_nlink(): nlink 1 instead of 2
NG [mkfifo] test_mkfifo(): mkfifo: Operation not permitted
NG [open_acc(O_RDONLY | O_TRUNC) mode=0200 errno=EACCES] check_size(): length 0 instead of 26
NG [open_acc(O_RDWR | O_TRUNC) mode=0200 errno=EACCES] check_size(): length 0 instead of 26
NG [open rename utime close] check_times(): different atime
NG [open rename utime close] check_times(): different mtime
NG [open utime close] check_times(): different atime
NG [open utime close] check_times(): different mtime
NG [chmod(0600) open chmod(0700) close] check_mode(): mode 0600 instead of 0700
NG [chmod(0700) open chmod(0600) close] check_mode(): mode 0700 instead of 0600
8 tests failed
