gfarmfs: opt="-nlsu -b", fuse_opt="-o direct_io"
NG [link] check_nlink(): nlink 1 instead of 2
NG [mkfifo] test_mkfifo(): mkfifo: Operation not permitted
NG [open_acc(O_RDONLY | O_TRUNC) mode=0200 errno=EACCES] check_size(): length 0 instead of 26
NG [open_acc(O_RDWR | O_TRUNC) mode=0200 errno=EACCES] check_size(): length 0 instead of 26
4 tests failed
