gfarmfs: opt="-nlsu", fuse_opt="-o default_permissions"
NG [link] check_nlink(): nlink 1 instead of 2
NG [mkfifo] test_mkfifo(): mkfifo: Operation not permitted
2 tests failed
