fusexmp_fh: fuse_opt=""
NG [ftruncate(0) mode=0400] test_ftruncate(): ftruncate: Permission denied
NG [ftruncate(0) mode=0000] test_ftruncate(): ftruncate: Permission denied
NG [open(-, O_RDWR | O_CREAT, 0400)] do_test_open(): write: Input/output error
NG [open(-, O_RDWR | O_CREAT, 0000)] do_test_open(): write: Input/output error
NG [open(-, O_RDWR | O_CREAT | O_EXCL, 0000)] do_test_open(): write: Input/output error
5 tests failed
