fusexmp_fh: fuse_opt="-o kernel_cache"
NG [truncate(126)] do_check_data(): testfile: short read: 0 instead of 100
NG [ftruncate(126) mode=0600] do_check_data(): testfile: short read: 0 instead of 100
NG [ftruncate(0) mode=0400] test_ftruncate(): ftruncate: Permission denied
NG [ftruncate(0) mode=0000] test_ftruncate(): ftruncate: Permission denied
NG [open(-, O_RDWR | O_CREAT, 0400)] do_test_open(): write: Input/output error
NG [open(-, O_RDWR | O_CREAT, 0000)] do_test_open(): write: Input/output error
NG [open(-, O_RDWR | O_CREAT | O_EXCL, 0000)] do_test_open(): write: Input/output error
7 tests failed
