gfarmfs: opt="--oldio -nlsuF", fuse_opt="-o attr_timeout=0"
NG [link] check_nlink(): nlink 1 instead of 2
NG [mkfifo] test_mkfifo(): mkfifo: Operation not permitted
NG [ftruncate(0) mode=0400] test_ftruncate(): ftruncate: Permission denied
NG [ftruncate(0) mode=0000] test_ftruncate(): ftruncate: Permission denied
NG [open(-, O_RDWR | O_CREAT, 0400)] do_test_open(): write: Input/output error
NG [open(-, O_RDWR | O_CREAT, 0000)] do_test_open(): write: Input/output error
NG [open(-, O_RDWR | O_CREAT | O_EXCL, 0000)] do_test_open(): write: Input/output error
NG [open rename utime close] check_times(): different atime
NG [open rename utime close] check_times(): different mtime
NG [open utime close] check_times(): different atime
NG [open utime close] check_times(): different mtime
NG [chmod(0600) open chmod(0700) close] check_mode(): mode 0600 instead of 0700
NG [chmod(0700) open chmod(0600) close] check_mode(): mode 0700 instead of 0600
11 tests failed
